Command: C:\Espressif\python_env\idf5.5_py3.11_env\Scripts\python.exe C:\Espressif\frameworks\esp-idf-v5.5\tools/idf_monitor.py -p COM6 -b 115200 --toolchain-prefix xtensa-esp32s3-elf- --target esp32s3 --revision 0 D:\eindelijk\esp_lockstep_minimal\build\lockstep_minimal.elf D:\eindelijk\esp_lockstep_minimal\build\bootloader\bootloader.elf --force-color -m 'C:\Espressif\python_env\idf5.5_py3.11_env\Scripts\python.exe' 'C:\Espressif\frameworks\esp-idf-v5.5\tools\idf.py' '-p' 'COM6'
ESP-ROM:esp32s3-20210327
Build:Mar 27 2021
rst:0x1 (POWERON),boot:0x8 (SPI_FAST_FLASH_BOOT)
SPIWP:0xee
mode:DIO, clock div:1
load:0x3fce2820,len:0x159c
load:0x403c8700,len:0xd24
load:0x403cb700,len:0x2f48
entry 0x403c8924
[0;32mI (24) boot: ESP-IDF v5.5-dirty 2nd stage bootloader[0m
[0;32mI (25) boot: compile time Sep 16 2025 10:42:51[0m
[0;32mI (25) boot: Multicore bootloader[0m
[0;32mI (25) boot: chip revision: v0.2[0m
[0;32mI (28) boot: efuse block revision: v1.3[0m
[0;32mI (32) boot.esp32s3: Boot SPI Speed : 80MHz[0m
[0;32mI (35) boot.esp32s3: SPI Mode       : DIO[0m
[0;32mI (39) boot.esp32s3: SPI Flash Size : 2MB[0m
[0;32mI (43) boot: Enabling RNG early entropy source...[0m
[0;32mI (47) boot: Partition Table:[0m
[0;32mI (50) boot: ## Label            Usage          Type ST Offset   Length[0m
[0;32mI (56) boot:  0 nvs              WiFi data        01 02 00009000 00006000[0m
[0;32mI (63) boot:  1 phy_init         RF data          01 01 0000f000 00001000[0m
[0;32mI (69) boot:  2 factory          factory app      00 00 00010000 00100000[0m
[0;32mI (76) boot: End of partition table[0m
[0;32mI (79) esp_image: segment 0: paddr=00010020 vaddr=3c020020 size=0a360h ( 41824) map[0m
[0;32mI (94) esp_image: segment 1: paddr=0001a388 vaddr=3fc92700 size=02ad8h ( 10968) load[0m
[0;32mI (97) esp_image: segment 2: paddr=0001ce68 vaddr=40374000 size=031b0h ( 12720) load[0m
[0;32mI (104) esp_image: segment 3: paddr=00020020 vaddr=42000020 size=177e4h ( 96228) map[0m
[0;32mI (126) esp_image: segment 4: paddr=0003780c vaddr=403771b0 size=0b448h ( 46152) load[0m
[0;32mI (136) esp_image: segment 5: paddr=00042c5c vaddr=600fe000 size=00020h (    32) load[0m
[0;32mI (142) boot: Loaded app from partition at offset 0x10000[0m
[0;32mI (142) boot: Disabling RNG early entropy source...[0m
[0;32mI (154) cpu_start: Multicore app[0m
[0;32mI (163) cpu_start: Pro cpu start user code[0m
[0;32mI (163) cpu_start: cpu freq: 160000000 Hz[0m
[0;32mI (163) app_init: Application information:[0m
[0;32mI (163) app_init: Project name:     lockstep_minimal[0m
[0;32mI (168) app_init: App version:      1[0m
[0;32mI (171) app_init: Compile time:     Sep 16 2025 10:42:37[0m
[0;32mI (176) app_init: ELF file SHA256:  9cdb93c34...[0m
[0;32mI (181) app_init: ESP-IDF:          v5.5-dirty[0m
[0;32mI (185) efuse_init: Min chip rev:     v0.0[0m
[0;32mI (189) efuse_init: Max chip rev:     v0.99 [0m
[0;32mI (193) efuse_init: Chip rev:         v0.2[0m
[0;32mI (197) heap_init: Initializing. RAM available for dynamic allocation:[0m
[0;32mI (203) heap_init: At 3FC95AA8 len 00053C68 (335 KiB): RAM[0m
[0;32mI (208) heap_init: At 3FCE9710 len 00005724 (21 KiB): RAM[0m
[0;32mI (213) heap_init: At 3FCF0000 len 00008000 (32 KiB): DRAM[0m
[0;32mI (218) heap_init: At 600FE020 len 00001FC8 (7 KiB): RTCRAM[0m
[0;32mI (225) spi_flash: detected chip: boya[0m
[0;32mI (227) spi_flash: flash io: dio[0m
[0;33mW (230) spi_flash: Detected size(16384k) larger than the size in the binary image header(2048k). Using the size in the binary image header.[0m
[0;32mI (242) sleep_gpio: Configure to isolate all GPIO pins in sleep state[0m
[0;32mI (249) sleep_gpio: Enable automatic switching of GPIO sleep configuration[0m
[0;32mI (256) main_task: Started on CPU0[0m
[0;32mI (276) main_task: Calling app_main()[0m
ðŸ”§ Lockstep demo gestart op ESP32 (FreeRTOS multicore)
Core 0 taak actief!
Core 1 checker actief!
[0;32mI (276) main_task: Returned from app_main()[0m
Core 0 taak actief!
Core 1 checker actief!
Core 0 taak actief!
Core 0 taak actief!
Core 1 checker actief!
Core 0 taak actief!
Core 1 checker actief!
Core 0 taak actief!
Core 0 taak actief!
Core 1 checker actief!
Core 0 taak actief!
Core 1 checker actief!
Core 0 taak actief!
Core 0 taak actief!
Core 1 checker actief!
Core 0 taak actief!
Core 1 checker actief!
Core 0 taak actief!
Core 0 taak actief!
Core 1 checker actief!
Core 0 taak actief!
Core 1 checker actief!
Core 0 taak actief!
Core 0 taak actief!
Core 1 checker actief!
Core 0 taak actief!
Core 1 checker actief!
Core 0 taak actief!
Core 0 taak actief!
Core 1 checker actief!
Core 0 taak actief!
Core 1 checker actief!
Core 0 taak actief!
Core 0 taak actief!
Core 1 checker actief!
Core 0 taak actief!
Core 1 checker actief!
Core 0 taak actief!
Core 0 taak actief!
Core 1 checker actief!
Core 0 taak actief!
Core 1 checker actief!
Core 0 taak actief!
Core 0 taak actief!
Core 1 checker actief!
Core 0 taak actief!
Core 1 checker actief!
Core 0 taak actief!
Core 0 taak actief!
Core 1 checker actief!
Core 0 taak actief!
Core 1 checker actief!
Core 0 taak actief!
Core 0 taak actief!
Core 1 checker actief!
Core 0 taak actief!
Core 1 checker actief!
Core 0 taak actief!
Core 0 taak actief!
Core 1 checker actief!
Core 0 taak actief!
Core 1 checker actief!
Core 0 taak actief!
Core 0 taak actief!
Core 1 checker actief!
Core 0 taak actief!
Core 1 checker actief!
Core 0 taak actief!
Core 0 taak actief!
Core 1 checker actief!
Core 0 taak actief!
Core 1 checker actief!
Core 0 taak actief!
Core 0 taak actief!
Core 1 checker actief!
Core 0 taak actief!
Core 1 checker actief!
Core 0 taak actief!
Core 0 taak actief!
Core 1 checker actief!
Core 0 taak actief!
Core 1 checker actief!
Core 0 taak actief!
Core 0 taak actief!
Core 1 checker actief!
Core 0 taak actief!
Core 1 checker actief!
Core 0 taak actief!
Core 0 taak actief!
Core 1 checker actief!
Core 0 taak actief!
Core 1 checker actief!
Core 0 taak actief!
Core 0 taak actief!
Core 1 checker actief!
Core 0 taak actief!
Core 1 checker actief!
Core 0 taak actief!
Core 0 taak actief!
Core 1 checker actief!
Core 0 taak actief!
Core 1 checker actief!
Core 0 taak actief!
Core 0 taak actief!
Core 1 checker actief!
Core 0 taak actief!
Core 1 checker actief!
Core 0 taak actief!
Core 0 taak actief!
Core 1 checker actief!
Core 0 taak actief!
Core 1 checker actief!
Core 0 taak actief!
Core 0 taak actief!
Core 1 checker actief!
Core 0 taak actief!
Core 1 checker actief!
Core 0 taak actief!
Core 0 taak actief!
Core 1 checker actief!
Core 0 taak actief!
Core 1 checker actief!
Core 0 taak actief!
Core 0 taak actief!
Core 1 checker actief!
Core 0 taak actief!
Core 1 checker actief!
Core 0 taak actief!
Core 0 taak actief!
Core 1 checker actief!
Core 0 taak actief!
Core 1 checker actief!
Core 0 taak actief!
Core 0 taak actief!
Core 1 checker actief!
Core 0 taak actief!
Core 1 checker actief!
Core 0 taak actief!
Core 0 taak actief!
Core 1 checker actief!
Core 0 taak actief!
Core 1 checker actief!
Core 0 taak actief!
Core 0 taak actief!
Core 1 checker actief!
Core 0 taak actief!
Core 1 checker actief!
Core 0 taak actief!
Core 0 taak actief!
Core 1 checker actief!
Core 0 taak actief!
Core 1 checker actief!
Core 0 taak actief!
Core 0 taak actief!
Core 1 checker actief!
Core 0 taak actief!
Core 1 checker actief!
Core 0 taak actief!
Core 0 taak actief!
Core 1 checker actief!
Core 0 taak actief!
Core 1 checker actief!
Core 0 taak actief!
Core 0 taak actief!
Core 1 checker actief!
Core 0 taak actief!
Core 1 checker actief!
Core 0 taak actief!
Core 0 taak actief!
Core 1 checker actief!
Core 0 taak actief!
Core 1 checker actief!
Core 0 taak actief!
Core 0 taak actief!
Core 1 checker actief!
Core 0 taak actief!
Core 1 checker actief!
Core 0 taak actief!
Core 0 taak actief!
Core 1 checker actief!
Core 0 taak actief!
Core 1 checker actief!
Core 0 taak actief!
Core 0 taak actief!
Core 1 checker actief!
Core 0 taak actief!
Core 1 checker actief!
Core 0 taak actief!
Core 0 taak actief!
Core 1 checker actief!
Core 0 taak actief!
Core 1 checker actief!
Core 0 taak actief!
Core 0 taak actief!
Core 1 checker actief!
Core 0 taak actief!
Core 1 checker actief!
Core 0 taak actief!
Core 0 taak actief!
Core 1 checker actief!
Core 0 taak actief!
Core 1 checker actief!
Core 0 taak actief!
Core 0 taak actief!
Core 1 checker actief!
Core 0 taak actief!
Core 1 checker actief!
Core 0 taak actief!
Core 0 taak actief!
Core 1 checker actief!
Core 0 taak actief!
Core 1 checker actief!
Core 0 taak actief!
Core 0 taak actief!
Core 1 checker actief!
Core 0 taak actief!
Core 1 checker actief!
Core 0 taak actief!
Core 0 taak actief!
Core 1 checker actief!
Core 0 taak actief!
Core 1 checker actief!
Core 0 taak actief!
Core 0 taak actief!
Core 1 checker actief!
Core 0 taak actief!
Core 1 checker actief!
Core 0 taak actief!
Core 0 taak actief!
Core 1 checker actief!
Core 0 taak actief!
Core 1 checker actief!
Core 0 taak actief!
Core 0 taak actief!
Core 1 checker actief!
Core 0 taak actief!
Core 1 checker actief!
Core 0 taak actief!
Core 0 taak actief!
Core 1 checker actief!
Core 0 taak actief!
Core 1 checker actief!
Core 0 taak actief!
Core 0 taak actief!
Core 1 checker actief!
Core 0 taak actief!
Core 1 checker actief!
Core 0 taak actief!
Core 0 taak actief!
Core 1 checker actief!
Core 0 taak actief!
Core 1 checker actief!
Core 0 taak actief!
Core 0 taak actief!
Core 1 checker actief!
Core 0 taak actief!
Core 1 checker actief!
Core 0 taak actief!
Core 0 taak actief!
Core 1 checker actief!
Core 0 taak actief!
Core 1 checker actief!
Core 0 taak actief!
Core 0 taak actief!
Core 1 checker actief!
Core 0 taak actief!
Core 1 checker actief!
Core 0 taak actief!
Core 0 taak actief!
Core 1 checker actief!
Core 0 taak actief!
Core 1 checker actief!
Core 0 taak actief!
Core 0 taak actief!
Core 1 checker actief!
Core 0 taak actief!
Core 1 checker actief!
Core 0 taak actief!
Core 0 taak actief!
Core 1 checker actief!
Core 0 taak actief!
Core 1 checker actief!
Core 0 taak actief!
Core 0 taak actief!
Core 1 checker actief!
Core 0 taak actief!
Core 1 checker actief!
Core 0 taak actief!
Core 0 taak actief!
Core 1 checker actief!
Core 0 taak actief!
Core 1 checker actief!
Core 0 taak actief!
Core 0 taak actief!
Core 1 checker actief!
Core 0 taak actief!
Core 1 checker actief!
Core 0 taak actief!
Core 0 taak actief!
Core 1 checker actief!
Core 0 taak actief!
Core 1 checker actief!
Core 0 taak actief!
Core 0 taak actief!
Core 1 checker actief!
Core 0 taak actief!
Core 1 checker actief!
Core 0 taak actief!
Core 0 taak actief!
Core 1 checker actief!
Core 0 taak actief!
Core 1 checker actief!
Core 0 taak actief!
Core 0 taak actief!
Core 1 checker actief!
Core 0 taak actief!
Core 1 checker actief!
Core 0 taak actief!
Core 0 taak actief!
Core 1 checker actief!
Core 0 taak actief!
Core 1 checker actief!
Core 0 taak actief!
Core 0 taak actief!
Core 1 checker actief!
Core 0 taak actief!
Core 1 checker actief!
Core 0 taak actief!
Core 0 taak actief!
Core 1 checker actief!
Core 0 taak actief!
Core 1 checker actief!
Core 0 taak actief!
Core 0 taak actief!
Core 1 checker actief!
Core 0 taak actief!
Core 1 checker actief!
Core 0 taak actief!
